 
****************************************
Report : resources
Design : TOP
Version: O-2018.06-SP4
Date   : Mon Oct  3 17:19:28 2022
****************************************


No resource sharing information to report.

No implementations to report
 
****************************************
Design : no_pipeline
****************************************

Resource Report for this hierarchy in file ../RTL/no_pipeline.v
=============================================================================
| Cell           | Module         | Parameters | Contained Operations       |
=============================================================================
| DP_OP_4J1_122_5218              |            |                            |
|                | DP_OP_4J1_122_5218 |        |                            |
=============================================================================

Datapath Report for DP_OP_4J1_122_5218
==============================================================================
| Cell                 | Contained Operations                                |
==============================================================================
| DP_OP_4J1_122_5218   | add_14 (no_pipeline.v:14)                           |
|                      | mult_14 (no_pipeline.v:14)                          |
|                      | add_14_2 (no_pipeline.v:14)                         |
==============================================================================

==============================================================================
|       |      | Data     |       |                                          |
| Var   | Type | Class    | Width | Expression                               |
==============================================================================
| I1    | PI   | Unsigned | 3     |                                          |
| I2    | PI   | Unsigned | 3     |                                          |
| I3    | PI   | Unsigned | 3     |                                          |
| I4    | PI   | Unsigned | 3     |                                          |
| T0    | IFO  | Unsigned | 4     | I1 + I2 (no_pipeline.v:14)               |
| T1    | IFO  | Unsigned | 4     | I3 + I4 (no_pipeline.v:14)               |
| O1    | PO   | Unsigned | 8     | T0 * T1 (no_pipeline.v:14)               |
==============================================================================


Implementation Report
===============================================================================
|                    |                  | Current            | Set            |
| Cell               | Module           | Implementation     | Implementation |
===============================================================================
| DP_OP_4J1_122_5218 | DP_OP_4J1_122_5218 | str (area)       |                |
|                    |                  | mult_arch: and     |                |
===============================================================================

1
