 
****************************************
Report : area
Design : mul_A_bw8
Version: O-2018.06-SP4
Date   : Mon Oct 31 23:23:34 2022
****************************************

Information: Updating design information... (UID-85)
Library(s) Used:

    saed32rvt_ff1p16vn40c (File: /data/SYNOPSYS/lib/32nm/SAED32_EDK/lib/stdcell_rvt/db_ccs/saed32rvt_ff1p16vn40c.db)

Number of ports:                           34
Number of nets:                           678
Number of cells:                          611
Number of combinational cells:            182
Number of sequential cells:               214
Number of macros/black boxes:               0
Number of buf/inv:                         29
Number of references:                       7

Combinational area:                539.039423
Buf/Inv area:                       40.663041
Noncombinational area:            1522.830874
Macro/Black Box area:                0.000000
Net Interconnect area:             339.246235

Total cell area:                  2061.870297
Total area:                       2401.116533
1
